d:\project\rendercore\rendercore\rendercore\x64\debug\linerenderer.obj
d:\project\rendercore\rendercore\rendercore\x64\debug\main.obj
d:\project\rendercore\rendercore\rendercore\x64\debug\glwidget.obj
d:\project\rendercore\rendercore\rendercore\x64\debug\shader.obj
d:\project\rendercore\rendercore\rendercore\x64\debug\mainwindow.obj
d:\project\rendercore\rendercore\rendercore\x64\debug\camera.obj
d:\project\rendercore\rendercore\rendercore\x64\debug\vc143.pdb
d:\project\rendercore\rendercore\rendercore\x64\debug\qt\moc\mainwindow.moc
d:\project\rendercore\rendercore\rendercore\x64\debug\qt\moc\glwidget.moc
d:\project\rendercore\rendercore\rendercore\x64\debug\vc143.idb
d:\project\rendercore\rendercore\x64\debug\rendercore.pdb
d:\project\rendercore\rendercore\rendercore\x64\debug\rendercore.tlog\cl.10856.write.1.tlog
d:\project\rendercore\rendercore\rendercore\x64\debug\rendercore.tlog\cl.command.1.tlog
d:\project\rendercore\rendercore\rendercore\x64\debug\rendercore.tlog\cl.read.1.tlog
d:\project\rendercore\rendercore\rendercore\x64\debug\rendercore.tlog\link-cvtres.read.1.tlog
d:\project\rendercore\rendercore\rendercore\x64\debug\rendercore.tlog\link-cvtres.write.1.tlog
d:\project\rendercore\rendercore\rendercore\x64\debug\rendercore.tlog\link-rc.read.1.tlog
d:\project\rendercore\rendercore\rendercore\x64\debug\rendercore.tlog\link-rc.write.1.tlog
d:\project\rendercore\rendercore\rendercore\x64\debug\rendercore.tlog\link.command.1.tlog
d:\project\rendercore\rendercore\rendercore\x64\debug\rendercore.tlog\link.read.1.tlog
d:\project\rendercore\rendercore\rendercore\x64\debug\rendercore.tlog\link.read.2.tlog
d:\project\rendercore\rendercore\rendercore\x64\debug\rendercore.tlog\link.read.3.tlog
d:\project\rendercore\rendercore\rendercore\x64\debug\rendercore.tlog\link.read.4.tlog
d:\project\rendercore\rendercore\rendercore\x64\debug\rendercore.tlog\link.write.1.tlog
d:\project\rendercore\rendercore\rendercore\x64\debug\rendercore.tlog\moc.read.1u.tlog
d:\project\rendercore\rendercore\rendercore\x64\debug\rendercore.tlog\moc.write.1u.tlog
d:\project\rendercore\rendercore\rendercore\x64\debug\rendercore.tlog\rendercore.write.1u.tlog
